################################################################################
#                                                                              #
#      IAR Universal Linker V5.2.4.16                                          #
#                                                                              #
#           Link time     =  28/Feb/2013  13:48:43                             #
#           Target CPU    =  MSP430                                            #
#           List file     =  "C:\Documents and Settings\Brett\Desktop\test\Cop #
#                            y of Roocas_V1\IBSS\Debug\List\RTC_Workaround.map #
#                            "                                                 #
#           Output file 1 =  "C:\Documents and Settings\Brett\Desktop\test\Cop #
#                            y of Roocas_V1\IBSS\Debug\Exe\RTC_Workaround.d43" #
#                            Format: debug                                     #
#                            UBROF version 10.0.6                              #
#                            Using library modules for C-SPY (-rt)             #
#           Command line  =  "C:\Documents and Settings\Brett\Desktop\test\Cop #
#                            y of Roocas_V1\IBSS\Debug\Obj\acc.r43"            #
#                            "C:\Documents and Settings\Brett\Desktop\test\Cop #
#                            y of Roocas_V1\IBSS\Debug\Obj\acc_gbl.r43"        #
#                            "C:\Documents and Settings\Brett\Desktop\test\Cop #
#                            y of Roocas_V1\IBSS\Debug\Obj\byte_queue.r43"     #
#                            "C:\Documents and Settings\Brett\Desktop\test\Cop #
#                            y of Roocas_V1\IBSS\Debug\Obj\cam.r43"            #
#                            "C:\Documents and Settings\Brett\Desktop\test\Cop #
#                            y of Roocas_V1\IBSS\Debug\Obj\can.r43"            #
#                            "C:\Documents and Settings\Brett\Desktop\test\Cop #
#                            y of Roocas_V1\IBSS\Debug\Obj\can_recv_queue.r43" #
#                            "C:\Documents and Settings\Brett\Desktop\test\Cop #
#                            y of Roocas_V1\IBSS\Debug\Obj\convert.r43"        #
#                            "C:\Documents and Settings\Brett\Desktop\test\Cop #
#                            y of Roocas_V1\IBSS\Debug\Obj\dma_mmc.r43"        #
#                            "C:\Documents and Settings\Brett\Desktop\test\Cop #
#                            y of Roocas_V1\IBSS\Debug\Obj\dma_mmc_transaction #
#                            .r43"                                             #
#                            "C:\Documents and Settings\Brett\Desktop\test\Cop #
#                            y of Roocas_V1\IBSS\Debug\Obj\dma_spi.r43"        #
#                            "C:\Documents and Settings\Brett\Desktop\test\Cop #
#                            y of Roocas_V1\IBSS\Debug\Obj\fat_access.r43"     #
#                            "C:\Documents and Settings\Brett\Desktop\test\Cop #
#                            y of Roocas_V1\IBSS\Debug\Obj\fat_filelib.r43"    #
#                            "C:\Documents and Settings\Brett\Desktop\test\Cop #
#                            y of Roocas_V1\IBSS\Debug\Obj\fat_misc.r43"       #
#                            "C:\Documents and Settings\Brett\Desktop\test\Cop #
#                            y of Roocas_V1\IBSS\Debug\Obj\fat_string.r43"     #
#                            "C:\Documents and Settings\Brett\Desktop\test\Cop #
#                            y of Roocas_V1\IBSS\Debug\Obj\fat_table.r43"      #
#                            "C:\Documents and Settings\Brett\Desktop\test\Cop #
#                            y of Roocas_V1\IBSS\Debug\Obj\fat_write.r43"      #
#                            "C:\Documents and Settings\Brett\Desktop\test\Cop #
#                            y of Roocas_V1\IBSS\Debug\Obj\fram.r43"           #
#                            "C:\Documents and Settings\Brett\Desktop\test\Cop #
#                            y of Roocas_V1\IBSS\Debug\Obj\fram_wr.r43"        #
#                            "C:\Documents and Settings\Brett\Desktop\test\Cop #
#                            y of Roocas_V1\IBSS\Debug\Obj\gps.r43"            #
#                            "C:\Documents and Settings\Brett\Desktop\test\Cop #
#                            y of Roocas_V1\IBSS\Debug\Obj\local_store.r43"    #
#                            "C:\Documents and Settings\Brett\Desktop\test\Cop #
#                            y of Roocas_V1\IBSS\Debug\Obj\main.r43"           #
#                            "C:\Documents and Settings\Brett\Desktop\test\Cop #
#                            y of Roocas_V1\IBSS\Debug\Obj\probe.r43"          #
#                            "C:\Documents and Settings\Brett\Desktop\test\Cop #
#                            y of Roocas_V1\IBSS\Debug\Obj\redpine.r43"        #
#                            "C:\Documents and Settings\Brett\Desktop\test\Cop #
#                            y of Roocas_V1\IBSS\Debug\Obj\rfm.r43"            #
#                            "C:\Documents and Settings\Brett\Desktop\test\Cop #
#                            y of Roocas_V1\IBSS\Debug\Obj\rtc.r43"            #
#                            "C:\Documents and Settings\Brett\Desktop\test\Cop #
#                            y of Roocas_V1\IBSS\Debug\Obj\switcher.r43"       #
#                            "C:\Documents and Settings\Brett\Desktop\test\Cop #
#                            y of Roocas_V1\IBSS\Debug\Obj\sys.r43"            #
#                            "C:\Documents and Settings\Brett\Desktop\test\Cop #
#                            y of Roocas_V1\IBSS\Debug\Obj\sys_adc.r43"        #
#                            "C:\Documents and Settings\Brett\Desktop\test\Cop #
#                            y of Roocas_V1\IBSS\Debug\Obj\sys_gbl.r43"        #
#                            "C:\Documents and Settings\Brett\Desktop\test\Cop #
#                            y of Roocas_V1\IBSS\Debug\Obj\sys_isr.r43"        #
#                            "C:\Documents and Settings\Brett\Desktop\test\Cop #
#                            y of Roocas_V1\IBSS\Debug\Obj\sys_rtc.r43"        #
#                            "C:\Documents and Settings\Brett\Desktop\test\Cop #
#                            y of Roocas_V1\IBSS\Debug\Obj\sys_rtcfun.r43"     #
#                            "C:\Documents and Settings\Brett\Desktop\test\Cop #
#                            y of Roocas_V1\IBSS\Debug\Obj\sys_spi.r43"        #
#                            "C:\Documents and Settings\Brett\Desktop\test\Cop #
#                            y of Roocas_V1\IBSS\Debug\Obj\sys_timer.r43"      #
#                            "C:\Documents and Settings\Brett\Desktop\test\Cop #
#                            y of Roocas_V1\IBSS\Debug\Obj\sys_uart.r43"       #
#                            "C:\Documents and Settings\Brett\Desktop\test\Cop #
#                            y of Roocas_V1\IBSS\Debug\Obj\uif.r43"            #
#                            "C:\Documents and Settings\Brett\Desktop\test\Cop #
#                            y of Roocas_V1\IBSS\Debug\Obj\utx.r43"            #
#                            "C:\Documents and Settings\Brett\Desktop\test\Cop #
#                            y of Roocas_V1\IBSS\Debug\Obj\wifi.r43"           #
#                            "C:\Documents and Settings\Brett\Desktop\test\Cop #
#                            y of Roocas_V1\IBSS\Debug\Obj\wwvb.r43"           #
#                            "C:\Documents and Settings\Brett\Desktop\test\Cop #
#                            y of Roocas_V1\IBSS\Debug\Obj\xbee.r43"           #
#                            "C:\Documents and Settings\Brett\Desktop\test\Cop #
#                            y of Roocas_V1\IBSS\Debug\Obj\xstream.r43"        #
#                            -o                                                #
#                            "C:\Documents and Settings\Brett\Desktop\test\Cop #
#                            y of Roocas_V1\IBSS\Debug\Exe\RTC_Workaround.d43" #
#                            -l                                                #
#                            "C:\Documents and Settings\Brett\Desktop\test\Cop #
#                            y of Roocas_V1\IBSS\Debug\List\RTC_Workaround.map #
#                            "                                                 #
#                            -xmsnio                                           #
#                            "-IC:\Program Files\IAR Systems\Embedded Workbenc #
#                            h 6.0_0\430\LIB\"                                 #
#                            -f                                                #
#                            "C:\Program Files\IAR Systems\Embedded Workbench  #
#                            6.0_0\430\CONFIG\lnk430F5438.xcl"                 #
#                            (-cmsp430 -D?CPU30_OFFSET=2 -QCODE_I=CODE_ID      #
#                            -Z(DATA)DATA16_I,DATA16_Z,DATA16_N,TLS16_I,DATA16 #
#                            _HEAP+_DATA16_HEAP_SIZE=1C00-5BFF                 #
#                            -Z(DATA)CODE_I                                    #
#                            -Z(DATA)DATA20_I,DATA20_Z,DATA20_N,DATA20_HEAP+_D #
#                            ATA20_HEAP_SIZE                                   #
#                            -Z(DATA)CSTACK+_STACK_SIZE#                       #
#                            -Z(CONST)INFO=1800-19FF                           #
#                            -Z(CONST)INFOA=1980-19FF                          #
#                            -Z(CONST)INFOB=1900-197F                          #
#                            -Z(CONST)INFOC=1880-18FF                          #
#                            -Z(CONST)INFOD=1800-187F                          #
#                            -Z(CODE)CSTART,ISR_CODE=5C00-FF7F                 #
#                            -Z(CONST)DATA16_C,DATA16_ID,TLS16_ID,DIFUNCT,CHEC #
#                            KSUM=5C00-FF7F                                    #
#                            -P(CODE)CODE=5C00-FF7F,10000-45BFF                #
#                            -Z(CODE)CODE_ID                                   #
#                            -Z(CONST)DATA20_C,DATA20_ID=5C00-FF7F,10000-45BFF #
#                            -Z(CODE)INTVEC=FF80-FFFF                          #
#                            -Z(CODE)RESET=FFFE-FFFF) -f                       #
#                            "C:\Program Files\IAR Systems\Embedded Workbench  #
#                            6.0_0\430\config\multiplier32_loc2.xcl"           #
#                            (-e?Mul8HwLoc2=?Mul8 -e?Mul16HwLoc2=?Mul16        #
#                            -e?Mul16to32uHwLoc2=?Mul16to32u                   #
#                            -e?Mul16to32sHwLoc2=?Mul16to32s                   #
#                            -e?Mul32Hw32Loc2=?Mul32                           #
#                            -e?Mul64Hw32Loc2=_Mul64i                          #
#                            -e?Mul32u32uto64iHw32Loc2=_Mul32u32uto64i         #
#                            -e?Mul32fHwLoc2=_Mul32f                           #
#                            -e_Mul64fHwPtrLoc2=_Mul64fPtr)                    #
#                            -D_STACK_SIZE=140 -rt                             #
#                            "C:\Program Files\IAR Systems\Embedded Workbench  #
#                            6.0_0\430\LIB\DLIB\dl430xlfn.r43"                 #
#                            -e_PrintfFull=_Printf -e_ScanfFull=_Scanf         #
#                            -D_DATA16_HEAP_SIZE=A0 -s __program_start         #
#                            -D_DATA20_HEAP_SIZE=50                            #
#                                                                              #
#                           Copyright (C) 1987-2011 IAR Systems AB.            #
################################################################################





                ****************************************
                *                                      *
                *           CROSS REFERENCE            *
                *                                      *
                ****************************************

       Program entry at :           5D50  Relocatable, from module : ?cstart




                ****************************************
                *                                      *
                *            RUNTIME MODEL             *
                *                                      *
                ****************************************

  __Heap_Handler             = Basic
  __SystemLibrary            = DLib
  __core                     = 430X
  __data_model               = large
  __dlib_file_descriptor     = 0
  __dlib_full_locale_support = 0
  __double_size              = 32
  __pic                      = no
  __reg_r4                   = free
  __reg_r5                   = free
  __rt_version               = 3

                ****************************************
                *                                      *
                *    AUTOMATIC SYMBOL REDIRECTIONS     *
                *                                      *
                ****************************************

                  There are no automatic symbol redirections.



                ****************************************
                *                                      *
                *              MODULE MAP              *
                *                                      *
                ****************************************


  DEFINED ABSOLUTE ENTRIES
    *************************************************************************

  DEFINED ABSOLUTE ENTRIES
  PROGRAM MODULE, NAME : ?ABS_ENTRY_MOD

Absolute parts
           ENTRY                   ADDRESS         REF BY
           =====                   =======         ======
           _DATA20_HEAP_SIZE       0050 
           _DATA16_HEAP_SIZE       00A0 
           _STACK_SIZE             0140 
           ?CPU30_OFFSET           0002 
    *************************************************************************

  FILE NAME : C:\Documents and Settings\Brett\Desktop\test\Copy of Roocas_V1\IBSS\Debug\Obj\acc.r43
  PROGRAM MODULE, NAME : acc

  SEGMENTS IN THE MODULE
  ======================
DATA16_AN
  Relative segment, address: 0200 - 0201 (0x2 bytes), align: 0
  Segment part 1. ROOT.       Intra module refs:   ACC_ReadSensor
           ENTRY                   ADDRESS         REF BY
           =====                   =======         ======
           _A_PAIN_L               0200 
           LOCAL                   ADDRESS         
           =====                   =======         
           PAIN                    0200 
           PAIN_H                  0201 
           PAIN_L                  0200 
    -------------------------------------------------------------------------
DATA16_AN
  Relative segment, address: 0120 - 0121 (0x2 bytes), align: 0
  Segment part 2. ROOT.       Intra module refs:   WIFI_ABRD (wifi)
                                                   WIFI_Initialize (wifi)
                                                   miss_ack
           ENTRY                   ADDRESS         REF BY
           =====                   =======         ======
           _A_PMMCTL0_L            0120 
           LOCAL                   ADDRESS         
           =====                   =======         
           PMMCTL0                 0120 
           PMMCTL0_H               0121 
           PMMCTL0_L               0120 
    -------------------------------------------------------------------------
DATA20_Z
  Relative segment, address: 2464 - 2464 (0x1 bytes), align: 0
  Segment part 5.             Intra module refs:   ACC_Initialize
           ENTRY                   ADDRESS         REF BY
           =====                   =======         ======
           acc_tid                 2464 
    -------------------------------------------------------------------------
DATA20_Z
  Relative segment, address: 2465 - 2465 (0x1 bytes), align: 0
  Segment part 6.             Intra module refs:   ACC_Process
                                                   ACC_StartAll
                                                   ACC_StopAll
                                                   miss_ack
           ENTRY                   ADDRESS         REF BY
           =====                   =======         ======
           acc_started             2465 
    -------------------------------------------------------------------------
DATA20_Z
  Relative segment, address: 2466 - 2466 (0x1 bytes), align: 0
  Segment part 7.             Intra module refs:   ACC_Process
                                                   miss_ack
                                                   recv_ack
           ENTRY                   ADDRESS         REF BY
           =====                   =======         ======
           ack_cnt                 2466 
    -------------------------------------------------------------------------
DATA20_I
  Relative segment, address: 1CB8 - 1CB8 (0x1 bytes), align: 0
  Segment part 8.             Intra module refs:   ACC_Process
           ENTRY                   ADDRESS         REF BY
           =====                   =======         ======
           can_len_on              1CB8 
    -------------------------------------------------------------------------
DATA20_Z
  Relative segment, address: 2467 - 2467 (0x1 bytes), align: 0
  Segment part 10.            Intra module refs:   ACC_SetTime
           ENTRY                   ADDRESS         REF BY
           =====                   =======         ======
           setTime                 2467 
    -------------------------------------------------------------------------
DATA20_Z
  Relative segment, address: 2468 - 2468 (0x1 bytes), align: 0
  Segment part 11.            Intra module refs:   ACC_Process
           ENTRY                   ADDRESS         REF BY
           =====                   =======         ======
           globalStart             2468 
    -------------------------------------------------------------------------
DATA20_Z
  Relative segment, address: 2469 - 2469 (0x1 bytes), align: 0
  Segment part 12.            Intra module refs:   ACC_Process
           ENTRY                   ADDRESS         REF BY
           =====                   =======         ======
           globalStop              2469 
    -------------------------------------------------------------------------
DATA20_Z
  Segment part 13. NOT NEEDED.
           ENTRY                   ADDRESS         REF BY
           =====                   =======         ======
           fakeCmd                 
    -------------------------------------------------------------------------
DATA20_Z
  Relative segment, address: 1CF4 - 1CF5 (0x2 bytes), align: 1
  Segment part 14.            Intra module refs:   ACC_Process
           ENTRY                   ADDRESS         REF BY
           =====                   =======         ======
           get_start               1CF4 
    -------------------------------------------------------------------------
DATA20_Z
  Relative segment, address: 1CF6 - 1CF7 (0x2 bytes), align: 1
  Segment part 15.            Intra module refs:   ACC_Process
           ENTRY                   ADDRESS         REF BY
           =====                   =======         ======
           get_time                1CF6 
    -------------------------------------------------------------------------
DATA20_I
  Relative segment, address: 1C00 - 1C01 (0x2 bytes), align: 1
  Segment part 16.            Intra module refs:   ACC_Process
           ENTRY                   ADDRESS         REF BY
           =====                   =======         ======
           countDown               1C00 
    -------------------------------------------------------------------------
DATA20_Z
  Relative segment, address: 1CF8 - 1CF9 (0x2 bytes), align: 1
  Segment part 18.            Intra module refs:   ACC_Process
           ENTRY                   ADDRESS         REF BY
           =====                   =======         ======
           send_time               1CF8            WIFI_RelayCMD (wifi)
    -------------------------------------------------------------------------
DATA20_Z
  Relative segment, address: 1CFA - 1CFB (0x2 bytes), align: 1
  Segment part 19.            Intra module refs:   ACC_Process
           ENTRY                   ADDRESS         REF BY
           =====                   =======         ======
           send_start              1CFA            WIFI_RelayCMD (wifi)
    -------------------------------------------------------------------------
DATA20_Z
  Relative segment, address: 246A - 246A (0x1 bytes), align: 0
  Segment part 20.            Intra module refs:   ACC_Process
                                                   ACC_SendTimeDataWithoutID
           LOCAL                   ADDRESS         
           =====                   =======         
           sendTime                246A 
    -------------------------------------------------------------------------
CODE
  Segment part 38. NOT NEEDED.
           ENTRY                   ADDRESS         REF BY
           =====                   =======         ======
           ACC_Test                
               calls direct
    -------------------------------------------------------------------------
CODE
  Segment part 37. NOT NEEDED.
           ENTRY                   ADDRESS         REF BY
           =====                   =======         ======
           ACC_SendHB              
               calls direct
    -------------------------------------------------------------------------
<CODE> 1 (was CODE)
  Relative segment, address: B0C8 - B0D5 (0xe bytes), align: 1
  Segment part 36.            Intra module refs:   ACC_Initialize
           LOCAL                   ADDRESS         
           =====                   =======         
           ACC_SendTimeDataWithoutID
                                   B0C8 
               calls direct
               CSTACK = 00000000 ( 00000004 )
    -------------------------------------------------------------------------
<CODE> 1 (was CODE)
  Relative segment, address: ACE2 - AD0D (0x2c bytes), align: 1
  Segment part 35.
           ENTRY                   ADDRESS         REF BY
           =====                   =======         ======
           ACC_Initialize          ACE2            main (main)
               calls direct
               CSTACK = 00000000 ( 00000004 )
    -------------------------------------------------------------------------
<CODE> 1 (was CODE)
  Relative segment, address: 7DC0 - 7FD5 (0x216 bytes), align: 1
  Segment part 34.            Intra module refs:   ACC_Initialize
           ENTRY                   ADDRESS         REF BY
           =====                   =======         ======
           ACC_Process             7DC0 
               calls direct
               CSTACK = 00000000 ( 00000014 )
    -------------------------------------------------------------------------
<CODE> 1 (was CODE)
  Relative segment, address: AD60 - AD85 (0x26 bytes), align: 1
  Segment part 33.            Intra module refs:   ACC_Process
           ENTRY                   ADDRESS         REF BY
           =====                   =======         ======
           ACC_StartAll            AD60 
               calls direct
               CSTACK = 00000000 ( 00000006 )
    -------------------------------------------------------------------------
<CODE> 1 (was CODE)
  Relative segment, address: AEE0 - AEFD (0x1e bytes), align: 1
  Segment part 21.            Intra module refs:   ACC_Initialize
                                                   ACC_Process
                                                   miss_ack
           ENTRY                   ADDRESS         REF BY
           =====                   =======         ======
           ACC_StopAll             AEE0            WIFI_SendHearBeatMsg (wifi)
               calls direct
               CSTACK = 00000000 ( 00000006 )
    -------------------------------------------------------------------------
CODE
  Segment part 32. NOT NEEDED.
           ENTRY                   ADDRESS         REF BY
           =====                   =======         ======
           ACC_StartSensor         
               calls direct
    -------------------------------------------------------------------------
CODE
  Segment part 31. NOT NEEDED.
           ENTRY                   ADDRESS         REF BY
           =====                   =======         ======
           ACC_StopSensor          
               calls direct
    -------------------------------------------------------------------------
<CODE> 1 (was CODE)
  Relative segment, address: A0CE - A13B (0x6e bytes), align: 1
  Segment part 30.            Intra module refs:   ACC_Process
           ENTRY                   ADDRESS         REF BY
           =====                   =======         ======
           ACC_ReadSensor          A0CE 
               calls direct
               CSTACK = 00000000 ( 00000010 )
    -------------------------------------------------------------------------
CODE
  Segment part 29. NOT NEEDED.
           ENTRY                   ADDRESS         REF BY
           =====                   =======         ======
           ACC_RequestSensor       
               calls direct
    -------------------------------------------------------------------------
<CODE> 1 (was CODE)
  Relative segment, address: A638 - A681 (0x4a bytes), align: 1
  Segment part 28.            Intra module refs:   ACC_ReadSensor
           ENTRY                   ADDRESS         REF BY
           =====                   =======         ======
           ACC_SaveData            A638 
               calls direct
               CSTACK = 00000000 ( 00000014 )
    -------------------------------------------------------------------------
<CODE> 1 (was CODE)
  Relative segment, address: 9E5E - 9EEB (0x8e bytes), align: 1
  Segment part 27.            Intra module refs:   ACC_ReadSensor
           ENTRY                   ADDRESS         REF BY
           =====                   =======         ======
           ACC_SendData            9E5E 
               calls direct
               CSTACK = 00000000 ( 0000001E )
    -------------------------------------------------------------------------
<CODE> 1 (was CODE)
  Relative segment, address: 9F70 - 9FE5 (0x76 bytes), align: 1
  Segment part 26.            Intra module refs:   ACC_Process
           ENTRY                   ADDRESS         REF BY
           =====                   =======         ======
           ACC_SendTimeData        9F70 
               calls direct
               CSTACK = 00000000 ( 00000014 )
    -------------------------------------------------------------------------
<CODE> 1 (was CODE)
  Relative segment, address: A19E - A1FB (0x5e bytes), align: 1
  Segment part 25.            Intra module refs:   ACC_Process
           ENTRY                   ADDRESS         REF BY
           =====                   =======         ======
           ACC_SetTime             A19E 
               calls direct
               CSTACK = 00000000 ( 0000000E )
    -------------------------------------------------------------------------
<CODE> 1 (was CODE)
  Relative segment, address: ADD2 - ADF5 (0x24 bytes), align: 1
  Segment part 24.            Intra module refs:   ACC_Process
           ENTRY                   ADDRESS         REF BY
           =====                   =======         ======
           send_exit               ADD2 
               calls direct
               CSTACK = 00000000 ( 0000000A )
    -------------------------------------------------------------------------
<CODE> 1 (was CODE)
  Relative segment, address: AF36 - AF4F (0x1a bytes), align: 1
  Segment part 23.            Intra module refs:   ACC_Process
           ENTRY                   ADDRESS         REF BY
           =====                   =======         ======
           recv_ack                AF36 
               calls direct
               CSTACK = 00000000 ( 00000008 )
    -------------------------------------------------------------------------
<CODE> 1 (was CODE)
  Relative segment, address: A9A4 - A9DD (0x3a bytes), align: 1
  Segment part 22.            Intra module refs:   recv_ack
           ENTRY                   ADDRESS         REF BY
           =====                   =======         ======
           miss_ack                A9A4            WIFI_SendHearBeatMsg (wifi)
               calls direct
               CSTACK = 00000000 ( 00000004 )
    -------------------------------------------------------------------------
CSTACK
  Segment part 3. NOT NEEDED.
    -------------------------------------------------------------------------
DATA20_ID
  Relative segment, address: B4EA - B4EA (0x1 bytes), align: 0
  Segment part 9.             Intra module refs:   can_len_on
    -------------------------------------------------------------------------
DATA20_ID
  Relative segment, address: B432 - B433 (0x2 bytes), align: 1
  Segment part 17.            Intra module refs:   countDown
    -------------------------------------------------------------------------
CODE
  Segment part 39. NOT NEEDED.
           ENTRY                   ADDRESS         REF BY
           =====                   =======         ======
           ?setjmp_save_r4         
    -------------------------------------------------------------------------
CODE
  Segment part 40. NOT NEEDED.
           ENTRY                   ADDRESS         REF BY
           =====                   =======         ======
           ?setjmp_save_r5         
    -------------------------------------------------------------------------
DATA20_C
  Relative segment, address: B1CC - B1D0 (0x5 bytes), align: 0
  Segment part 4.             Intra module refs:   send_exit

    *************************************************************************

  FILE NAME : C:\Documents and Settings\Brett\Desktop\test\Copy of Roocas_V1\IBSS\Debug\Obj\acc_gbl.r43
  PROGRAM MODULE, NAME : acc_gbl

  SEGMENTS IN THE MODULE
  ======================
DATA20_Z
  Relative segment, address: 1CFC - 1D8B (0x90 bytes), align: 1
  Segment part 2.
           ENTRY                   ADDRESS         REF BY
           =====                   =======         ======
           g_AccSensor             1CFC            ACC_ReadSensor (acc)
                                                   ACC_SaveData (acc)
                                                   ACC_SendData (acc)
                                                   CAM_SendData (cam)
                                                   CAM_Start (cam)
    -------------------------------------------------------------------------
DATA20_Z
  Relative segment, address: 1D8C - 1D8F (0x4 bytes), align: 1
  Segment part 3.
           ENTRY                   ADDRESS         REF BY
           =====                   =======         ======
           g_CommBuf               1D8C            ACC_Process (acc)
    -------------------------------------------------------------------------
DATA20_Z
  Relative segment, address: 246B - 2472 (0x8 bytes), align: 0
  Segment part 4.
           ENTRY                   ADDRESS         REF BY
           =====                   =======         ======
           g_CanTxMsg              246B            ACC_StartAll (acc)
                                                   ACC_StopAll (acc)
                                                   CAM_SendData (cam)
                                                   CAM_Start (cam)
    -------------------------------------------------------------------------
DATA20_Z
  Relative segment, address: 2473 - 2481 (0xf bytes), align: 0
  Segment part 5.
           ENTRY                   ADDRESS         REF BY
           =====                   =======         ======
           g_CanRxMsg              2473            CAM_SendData (cam)
                                                   CAM_Start (cam)
    -------------------------------------------------------------------------
DATA20_Z
  Relative segment, address: 2482 - 24B3 (0x32 bytes), align: 0
  Segment part 6.
           ENTRY                   ADDRESS         REF BY
           =====                   =======         ======
           g_Str                   2482            CAM_SendData (cam)
    -------------------------------------------------------------------------
DATA20_Z
  Segment part 7. NOT NEEDED.
           ENTRY                   ADDRESS         REF BY
           =====                   =======         ======
           g_TimeFrameCount        
    -------------------------------------------------------------------------
DATA20_Z
  Relative segment, address: 1D90 - 1D99 (0xa bytes), align: 1
  Segment part 8.
           ENTRY                   ADDRESS         REF BY
           =====                   =======         ======
           g_RTCTime               1D90            ACC_SendTimeData (acc)
                                                   ACC_SendTimeDataWithoutID (acc)
                                                   RTC_GetTime (rtc)
                                                   RTC_Initialize (rtc)
                                                   WIFI_RelayCMD (wifi)
    -------------------------------------------------------------------------
DATA20_Z
  Relative segment, address: 1D9A - 1DA3 (0xa bytes), align: 1
  Segment part 9.
           ENTRY                   ADDRESS         REF BY
           =====                   =======         ======
           g_StartTime             1D9A            ACC_SetTime (acc)
    -------------------------------------------------------------------------
DATA20_Z
  Segment part 10. NOT NEEDED.
           ENTRY                   ADDRESS         REF BY
           =====                   =======         ======
           g_FATDateTime           
    -------------------------------------------------------------------------
CSTACK
  Segment part 1. NOT NEEDED.
    -------------------------------------------------------------------------
CODE
  Segment part 11. TENTATIVE. Used definition from acc
           ENTRY                   ADDRESS         REF BY
           =====                   =======         ======
           ?setjmp_save_r4         
    -------------------------------------------------------------------------
CODE
  Segment part 12. TENTATIVE. Used definition from acc
           ENTRY                   ADDRESS         REF BY
           =====                   =======         ======
           ?setjmp_save_r5         

    *************************************************************************

  FILE NAME : C:\Documents and Settings\Brett\Desktop\test\Copy of Roocas_V1\IBSS\Debug\Obj\byte_queue.r43
  PROGRAM MODULE, NAME : byte_queue

  SEGMENTS IN THE MODULE
  ======================
CODE
  Segment part 7. NOT NEEDED.
           ENTRY                   ADDRESS         REF BY
           =====                   =======         ======
           BQ_init                 
    -------------------------------------------------------------------------
DATA20_Z
  Segment part 2. NOT NEEDED.
           ENTRY                   ADDRESS         REF BY
           =====                   =======         ======
           num_miss                
    -------------------------------------------------------------------------
CODE
  Segment part 6. NOT NEEDED.
           ENTRY                   ADDRESS         REF BY
           =====                   =======         ======
           BQ_enqueue_msg          
               calls direct
    -------------------------------------------------------------------------
CODE
  Segment part 5. NOT NEEDED.
           ENTRY                   ADDRESS         REF BY
           =====                   =======         ======
           BQ_enqueue              
    -------------------------------------------------------------------------
<CODE> 1 (was CODE)
  Relative segment, address: A710 - A755 (0x46 bytes), align: 1
  Segment part 4.
           ENTRY                   ADDRESS         REF BY
           =====                   =======         ======
           BQ_dequeue              A710            USCI_A2_ISR (sys_isr)
               CSTACK = 00000000 ( 00000014 )
    -------------------------------------------------------------------------
CODE
  Segment part 3. NOT NEEDED.
           ENTRY                   ADDRESS         REF BY
           =====                   =======         ======
           BQ_spaceLeft            
    -------------------------------------------------------------------------
CSTACK
  Segment part 1. NOT NEEDED.
    -------------------------------------------------------------------------
CODE
  Segment part 8. TENTATIVE. Used definition from acc
           ENTRY                   ADDRESS         REF BY
           =====                   =======         ======
           ?setjmp_save_r4         
    -------------------------------------------------------------------------
CODE
  Segment part 9. TENTATIVE. Used definition from acc
           ENTRY                   ADDRESS         REF BY
           =====                   =======         ======
           ?setjmp_save_r5         

    *************************************************************************

  FILE NAME : C:\Documents and Settings\Brett\Desktop\test\Copy of Roocas_V1\IBSS\Debug\Obj\cam.r43
  PROGRAM MODULE, NAME : cam

  SEGMENTS IN THE MODULE
  ======================
CODE
  Segment part 6. NOT NEEDED.
           ENTRY                   ADDRESS         REF BY
           =====                   =======         ======
           CAM_Test                
               calls direct
    -------------------------------------------------------------------------
CODE
  Segment part 5. NOT NEEDED.
           ENTRY                   ADDRESS         REF BY
           =====                   =======         ======
           CAM_Initialize          
               calls direct
    -------------------------------------------------------------------------
<CODE> 1 (was CODE)
  Relative segment, address: 98D0 - 9985 (0xb6 bytes), align: 1
  Segment part 4.
           ENTRY                   ADDRESS         REF BY
           =====                   =======         ======
           CAM_Start               98D0            ACC_Process (acc)
               calls direct
               CSTACK = 00000000 ( 00000026 )
    -------------------------------------------------------------------------
<CODE> 1 (was CODE)
  Relative segment, address: 93FC - 94FB (0x100 bytes), align: 1
  Segment part 3.
           ENTRY                   ADDRESS         REF BY
           =====                   =======         ======
           CAM_SendData            93FC            ACC_Process (acc)
               calls direct
               CSTACK = 00000000 ( 0000001E )
    -------------------------------------------------------------------------
CODE
  Segment part 2. NOT NEEDED.
           ENTRY                   ADDRESS         REF BY
           =====                   =======         ======
           CAM_RetryDataCAM        
               calls direct
    -------------------------------------------------------------------------
CSTACK
  Segment part 1. NOT NEEDED.
    -------------------------------------------------------------------------
CODE
  Segment part 7. TENTATIVE. Used definition from acc
           ENTRY                   ADDRESS         REF BY
           =====                   =======         ======
           ?setjmp_save_r4         
    -------------------------------------------------------------------------
CODE
  Segment part 8. TENTATIVE. Used definition from acc
           ENTRY                   ADDRESS         REF BY
           =====                   =======         ======
           ?setjmp_save_r5         

    *************************************************************************

  FILE NAME : C:\Documents and Settings\Brett\Desktop\test\Copy of Roocas_V1\IBSS\Debug\Obj\can.r43
  PROGRAM MODULE, NAME : can

  SEGMENTS IN THE MODULE
  ======================
DATA16_AN
  Relative segment, address: 0204 - 0205 (0x2 bytes), align: 0
  Segment part 1. ROOT.       Intra module refs:   CAN_Initialize
                                                   RTC_Initialize (rtc)
                                                   SYS_InitPort (sys)
                                                   SYS_InitTimer (sys_timer)
           ENTRY                   ADDRESS         REF BY
           =====                   =======         ======
           _A_PADIR_L              0204 
           LOCAL                   ADDRESS         
           =====                   =======         
           PADIR                   0204 
           PADIR_H                 0205 
           PADIR_L                 0204 
    -------------------------------------------------------------------------
DATA16_AN
  Relative segment, address: 020A - 020B (0x2 bytes), align: 0
  Segment part 2. ROOT.       Intra module refs:   CAN_Initialize
                                                   RTC_Initialize (rtc)
                                                   SYS_InitPort (sys)
                                                   SYS_InitTimer (sys_timer)
           ENTRY                   ADDRESS         REF BY
           =====                   =======         ======
           _A_PASEL_L              020A 
           LOCAL                   ADDRESS         
           =====                   =======         
           PASEL                   020A 
           PASEL_H                 020B 
           PASEL_L                 020A 
    -------------------------------------------------------------------------
DATA16_AN
  Relative segment, address: 0222 - 0223 (0x2 bytes), align: 0
  Segment part 3. ROOT.       Intra module refs:   CAN_DisableCS
                                                   CAN_EnableCS
                                                   CAN_Reset
                                                   SYS_InitPort (sys)
           ENTRY                   ADDRESS         REF BY
           =====                   =======         ======
           _A_PBOUT_L              0222 
           LOCAL                   ADDRESS         
           =====                   =======         
           PBOUT                   0222 
           PBOUT_H                 0223 
           PBOUT_L                 0222 
    -------------------------------------------------------------------------
DATA16_AN
  Relative segment, address: 0242 - 0243 (0x2 bytes), align: 0
  Segment part 4. ROOT.       Intra module refs:   CAN_Initialize
           ENTRY                   ADDRESS         REF BY
           =====                   =======         ======
           _A_PCOUT_L              0242 
           LOCAL                   ADDRESS         
           =====                   =======         
           PCOUT                   0242 
           PCOUT_H                 0243 
           PCOUT_L                 0242 
    -------------------------------------------------------------------------
DATA16_AN
  Relative segment, address: 0244 - 0245 (0x2 bytes), align: 0
  Segment part 5. ROOT.       Intra module refs:   CAN_Initialize
           ENTRY                   ADDRESS         REF BY
           =====                   =======         ======
           _A_PCDIR_L              0244 
           LOCAL                   ADDRESS         
           =====                   =======         
           PCDIR                   0244 
           PCDIR_H                 0245 
           PCDIR_L                 0244 
    -------------------------------------------------------------------------
DATA16_AN
  Relative segment, address: 024A - 024B (0x2 bytes), align: 0
  Segment part 6. ROOT.       Intra module refs:   CAN_Initialize
                                                   SYS_InitClock (sys)
                                                   SYS_InitSPI (sys_spi)
                                                   SYS_InitUART (sys_uart)
           ENTRY                   ADDRESS         REF BY
           =====                   =======         ======
           _A_PCSEL_L              024A 
           LOCAL                   ADDRESS         
           =====                   =======         
           PCSEL                   024A 
           PCSEL_H                 024B 
           PCSEL_L                 024A 
    -------------------------------------------------------------------------
CODE
  Segment part 30. NOT NEEDED.
           ENTRY                   ADDRESS         REF BY
           =====                   =======         ======
           CAN_WakeUp              
               calls direct
    -------------------------------------------------------------------------
CODE
  Segment part 29. NOT NEEDED.
           ENTRY                   ADDRESS         REF BY
           =====                   =======         ======
           CAN_Sleep               
               calls direct
    -------------------------------------------------------------------------
<CODE> 1 (was CODE)
  Relative segment, address: 91EA - 92F3 (0x10a bytes), align: 1
  Segment part 28.
           ENTRY                   ADDRESS         REF BY
           =====                   =======         ======
           CAN_Initialize          91EA            ACC_Initialize (acc)
               calls direct
               CSTACK = 00000000 ( 00000012 )
    -------------------------------------------------------------------------
CODE
  Segment part 27. NOT NEEDED.
           ENTRY                   ADDRESS         REF BY
           =====                   =======         ======
           CAN_TrancevierOn        
    -------------------------------------------------------------------------
CODE
  Segment part 26. NOT NEEDED.
           ENTRY                   ADDRESS         REF BY
           =====                   =======         ======
           CAN_TrancevierOff       
    -------------------------------------------------------------------------
CODE
  Segment part 25. NOT NEEDED.
           ENTRY                   ADDRESS         REF BY
           =====                   =======         ======
           CAN_SendMsg             
               calls direct
    -------------------------------------------------------------------------
CODE
  Segment part 24. NOT NEEDED.
           ENTRY                   ADDRESS         REF BY
           =====                   =======         ======
           CAN_GetMsg              
               calls direct
    -------------------------------------------------------------------------
<CODE> 1 (was CODE)
  Relative segment, address: AC58 - AC87 (0x30 bytes), align: 1
  Segment part 23.            Intra module refs:   CAN_Initialize
           ENTRY                   ADDRESS         REF BY
           =====                   =======         ======
           CAN_Reset               AC58 
               calls direct
               CSTACK = 00000000 ( 00000008 )
    -------------------------------------------------------------------------
<CODE> 1 (was CODE)
  Relative segment, address: A256 - A2AF (0x5a bytes), align: 1
  Segment part 22.            Intra module refs:   CAN_Initialize
           ENTRY                   ADDRESS         REF BY
           =====                   =======         ======
           CAN_SetRXB0Filters      A256 
               calls direct
               CSTACK = 00000000 ( 0000000C )
    -------------------------------------------------------------------------
<CODE> 1 (was CODE)
  Relative segment, address: 9B80 - 9C15 (0x96 bytes), align: 1
  Segment part 21.            Intra module refs:   CAN_Initialize
           ENTRY                   ADDRESS         REF BY
           =====                   =======         ======
           CAN_SetRXB1Filters      9B80 
               calls direct
               CSTACK = 00000000 ( 0000000C )
    -------------------------------------------------------------------------
CODE
  Segment part 20. NOT NEEDED.
           ENTRY                   ADDRESS         REF BY
           =====                   =======         ======
           CANTxReady              
               calls direct
    -------------------------------------------------------------------------
CODE
  Segment part 19. NOT NEEDED.
           ENTRY                   ADDRESS         REF BY
           =====                   =======         ======
           CANRxReady              
               calls direct
    -------------------------------------------------------------------------
<CODE> 1 (was CODE)
  Relative segment, address: AFB4 - AFC9 (0x16 bytes), align: 1
  Segment part 18.            Intra module refs:   CAN_Initialize
           ENTRY                   ADDRESS         REF BY
           =====                   =======         ======
           CAN_ChangeMode          AFB4 
               calls direct
               CSTACK = 00000000 ( 00000008 )
    -------------------------------------------------------------------------
<CODE> 1 (was CODE)
  Relative segment, address: AAF2 - AB27 (0x36 bytes), align: 1
  Segment part 17.            Intra module refs:   CAN_ChangeMode
                                                   CAN_Initialize
           ENTRY                   ADDRESS         REF BY
           =====                   =======         ======
           CAN_ModifyBit           AAF2            ACC_Process (acc)
                                                   miss_ack (acc)
               calls direct
               CSTACK = 00000000 ( 00000014 )
    -------------------------------------------------------------------------
CODE
  Segment part 16. NOT NEEDED.
           ENTRY                   ADDRESS         REF BY
           =====                   =======         ======
           CAN_ReadStatus          
               calls direct
    -------------------------------------------------------------------------
<CODE> 1 (was CODE)
  Relative segment, address: AD0E - AD37 (0x2a bytes), align: 1
  Segment part 13.            Intra module refs:   CAN_Initialize
                                                   CAN_SendExtMsg
                                                   CAN_SetRXB0Filters
                                                   CAN_SetRXB1Filters
           ENTRY                   ADDRESS         REF BY
           =====                   =======         ======
           CAN_WriteByte           AD0E 
               calls direct
               CSTACK = 00000000 ( 0000000C )
    -------------------------------------------------------------------------
<CODE> 1 (was CODE)
  Relative segment, address: AB5E - AB91 (0x34 bytes), align: 1
  Segment part 11.            Intra module refs:   CAN_GetExtMsg
                                                   CAN_Initialize
                                                   CAN_SendExtMsg
           ENTRY                   ADDRESS         REF BY
           =====                   =======         ======
           CAN_ReadByte            AB5E 
               calls direct
               CSTACK = 00000000 ( 0000000C )
    -------------------------------------------------------------------------
CODE
  Segment part 15. NOT NEEDED.
           ENTRY                   ADDRESS         REF BY
           =====                   =======         ======
           CAN_Retransmit          
               calls direct
    -------------------------------------------------------------------------
<CODE> 1 (was CODE)
  Relative segment, address: B1A6 - B1AB (0x6 bytes), align: 1
  Segment part 10.            Intra module refs:   CAN_GetExtMsg
                                                   CAN_ModifyBit
                                                   CAN_ReadByte
                                                   CAN_Reset
                                                   CAN_WriteByte
           ENTRY                   ADDRESS         REF BY
           =====                   =======         ======
           CAN_EnableCS            B1A6 
               CSTACK = 00000000 ( 00000004 )
    -------------------------------------------------------------------------
<CODE> 1 (was CODE)
  Relative segment, address: B1B8 - B1BD (0x6 bytes), align: 1
  Segment part 9.             Intra module refs:   CAN_GetExtMsg
                                                   CAN_ModifyBit
                                                   CAN_ReadByte
                                                   CAN_Reset
                                                   CAN_WriteByte
           ENTRY                   ADDRESS         REF BY
           =====                   =======         ======
           CAN_DisableCS           B1B8 
               CSTACK = 00000000 ( 00000004 )
    -------------------------------------------------------------------------
<CODE> 1 (was CODE)
  Relative segment, address: 94FC - 95D1 (0xd6 bytes), align: 1
  Segment part 14.
           ENTRY                   ADDRESS         REF BY
           =====                   =======         ======
           CAN_SendExtMsg          94FC            ACC_StartAll (acc)
                                                   ACC_StopAll (acc)
                                                   CAM_SendData (cam)
                                                   CAM_Start (cam)
               calls direct
               CSTACK = 00000000 ( 0000001E )
    -------------------------------------------------------------------------
<CODE> 1 (was CODE)
  Relative segment, address: 8388 - 8545 (0x1be bytes), align: 1
  Segment part 12.
           ENTRY                   ADDRESS         REF BY
           =====                   =======         ======
           CAN_GetExtMsg           8388            ACC_ReadSensor (acc)
                                                   CAM_SendData (cam)
                                                   CAM_Start (cam)
               calls direct
               CSTACK = 00000000 ( 00000020 )
    -------------------------------------------------------------------------
CSTACK
  Segment part 7. NOT NEEDED.
    -------------------------------------------------------------------------
CODE
  Segment part 31. TENTATIVE. Used definition from acc
           ENTRY                   ADDRESS         REF BY
           =====                   =======         ======
           ?setjmp_save_r4         
    -------------------------------------------------------------------------
CODE
  Segment part 32. TENTATIVE. Used definition from acc
           ENTRY                   ADDRESS         REF BY
           =====                   =======         ======
           ?setjmp_save_r5         
    -------------------------------------------------------------------------
DATA20_C
  Segment part 8. NOT NEEDED.

    *************************************************************************

  FILE NAME : C:\Documents and Settings\Brett\Desktop\test\Copy of Roocas_V1\IBSS\Debug\Obj\can_recv_queue.r43
  PROGRAM MODULE, NAME : can_recv_queue

  SEGMENTS IN THE MODULE
  ======================
DATA20_Z
  Relative segment, address: 1DA4 - 1E2F (0x8c bytes), align: 1
  Segment part 2.             Intra module refs:   can_recv_dequeue
                                                   can_recv_enqueue
           ENTRY                   ADDRESS         REF BY
           =====                   =======         ======
           mCan_recv_queue         1DA4 
    -------------------------------------------------------------------------
DATA20_Z
  Relative segment, address: 24B4 - 24B4 (0x1 bytes), align: 0
  Segment part 3.             Intra module refs:   can_recv_enqueue
           ENTRY                   ADDRESS         REF BY
           =====                   =======         ======
           mCan_recv_queue_in_count
                                   24B4 
    -------------------------------------------------------------------------
DATA20_Z
  Relative segment, address: 24B5 - 24B5 (0x1 bytes), align: 0
  Segment part 4.             Intra module refs:   can_recv_dequeue
           ENTRY                   ADDRESS         REF BY
           =====                   =======         ======
           mCan_recv_queue_out_count
                                   24B5 
    -------------------------------------------------------------------------
DATA20_Z
  Relative segment, address: 24B6 - 24B6 (0x1 bytes), align: 0
  Segment part 5.             Intra module refs:   can_recv_dequeue
                                                   can_recv_enqueue
           ENTRY                   ADDRESS         REF BY
           =====                   =======         ======
           mCan_recv_queue_item_count
                                   24B6 
    -------------------------------------------------------------------------
<CODE> 1 (was CODE)
  Relative segment, address: A550 - A59D (0x4e bytes), align: 1
  Segment part 7.
           ENTRY                   ADDRESS         REF BY
           =====                   =======         ======
           can_recv_enqueue        A550            ACC_ReadSensor (acc)
               CSTACK = 00000000 ( 00000008 )
    -------------------------------------------------------------------------
<CODE> 1 (was CODE)
  Relative segment, address: A5EC - A637 (0x4c bytes), align: 1
  Segment part 6.
           ENTRY                   ADDRESS         REF BY
           =====                   =======         ======
           can_recv_dequeue        A5EC            ACC_ReadSensor (acc)
               CSTACK = 00000000 ( 00000008 )
    -------------------------------------------------------------------------
CSTACK
  Segment part 1. NOT NEEDED.
    -------------------------------------------------------------------------
CODE
  Segment part 8. TENTATIVE. Used definition from acc
           ENTRY                   ADDRESS         REF BY
           =====                   =======         ======
           ?setjmp_save_r4         
    -------------------------------------------------------------------------
CODE
  Segment part 9. TENTATIVE. Used definition from acc
           ENTRY                   ADDRESS         REF BY
           =====                   =======         ======
           ?setjmp_save_r5         

    *************************************************************************

  FILE NAME : C:\Documents and Settings\Brett\Desktop\test\Copy of Roocas_V1\IBSS\Debug\Obj\convert.r43
  PROGRAM MODULE, NAME : convert

  SEGMENTS IN THE MODULE
  ======================
DATA20_C
  Segment part 2. NOT NEEDED.
           ENTRY                   ADDRESS         REF BY
           =====                   =======         ======
           numbers                 
    -------------------------------------------------------------------------
CODE
  Segment part 5. NOT NEEDED.
           ENTRY                   ADDRESS         REF BY
           =====                   =======         ======
           getUNumString           
               calls direct
    -------------------------------------------------------------------------
CODE
  Segment part 4. NOT NEEDED.
           ENTRY                   ADDRESS         REF BY
           =====                   =======         ======
           getNumString            
               calls direct
    -------------------------------------------------------------------------
CODE
  Segment part 3. NOT NEEDED.
           ENTRY                   ADDRESS         REF BY
           =====                   =======         ======
           itoa                    
    -------------------------------------------------------------------------
CSTACK
  Segment part 1. NOT NEEDED.
    -------------------------------------------------------------------------
CODE
  Segment part 6. TENTATIVE. Used definition from acc
           ENTRY                   ADDRESS         REF BY
           =====                   =======         ======
           ?setjmp_save_r4         
    -------------------------------------------------------------------------
CODE
  Segment part 7. TENTATIVE. Used definition from acc
           ENTRY                   ADDRESS         REF BY
           =====                   =======         ======
           ?setjmp_save_r5         

    *************************************************************************

  FILE NAME : C:\Documents and Settings\Brett\Desktop\test\Copy of Roocas_V1\IBSS\Debug\Obj\dma_mmc.r43
  PROGRAM MODULE, NAME : dma_mmc

  SEGMENTS IN THE MODULE
  ======================
DATA16_AN
  Segment part 1. TENTATIVE. Used definition from can
           ENTRY                   ADDRESS         REF BY
           =====                   =======         ======
           _A_PBOUT_L              
           LOCAL                   ADDRESS         
           =====                   =======         
           PBOUT                   0222 
           PBOUT_H                 0223 
           PBOUT_L                 0222 
    -------------------------------------------------------------------------
DATA20_Z
  Segment part 3. NOT NEEDED.
           ENTRY                   ADDRESS         REF BY
           =====                   =======         ======
           main_current_state      
    -------------------------------------------------------------------------
DATA20_Z
  Segment part 4. NOT NEEDED.
           ENTRY                   ADDRESS         REF BY
           =====                   =======         ======
           read_current_state      
    -------------------------------------------------------------------------
DATA20_Z
  Segment part 5. NOT NEEDED.
           ENTRY                   ADDRESS         REF BY
           =====                   =======         ======
           write_current_state     
    -------------------------------------------------------------------------
DATA20_Z
  Segment part 6. NOT NEEDED.
           ENTRY                   ADDRESS         REF BY
           =====                   =======         ======
           DMA_MMC_WRITE_buffer    
    -------------------------------------------------------------------------
DATA20_Z
  Segment part 7. NOT NEEDED.
           ENTRY                   ADDRESS         REF BY
           =====                   =======         ======
           DMA_MMC_temp_WRITE_buffer
                                   
    -------------------------------------------------------------------------
DATA20_Z
  Segment part 8. NOT NEEDED.
           ENTRY                   ADDRESS         REF BY
           =====                   =======         ======
           DMA_MMC_READ_buffer     
    -------------------------------------------------------------------------
DATA20_Z
  Segment part 9. NOT NEEDED.
           ENTRY                   ADDRESS         REF BY
           =====                   =======         ======
           DMA_MMC_ReadBufPtr      
    -------------------------------------------------------------------------
DATA20_Z
  Segment part 10. NOT NEEDED.
           ENTRY                   ADDRESS         REF BY
           =====                   =======         ======
           DMA_MMC_sector1         
    -------------------------------------------------------------------------
DATA20_Z
  Segment part 11. NOT NEEDED.
           ENTRY                   ADDRESS         REF BY
           =====                   =======         ======
           DMA_MMC_sector2         
    -------------------------------------------------------------------------
DATA20_Z
  Segment part 12. NOT NEEDED.
           ENTRY                   ADDRESS         REF BY
           =====                   =======         ======
           DMA_MMC_byteOffset      
    -------------------------------------------------------------------------
DATA20_Z
  Segment part 13. NOT NEEDED.
           ENTRY                   ADDRESS         REF BY
           =====                   =======         ======
           DMA_MMC_bytesToWrite    
    -------------------------------------------------------------------------
DATA20_Z
  Segment part 14. NOT NEEDED.
           ENTRY                   ADDRESS         REF BY
           =====                   =======         ======
           DMA_MMC_bytesToRead     
    -------------------------------------------------------------------------
DATA20_Z
  Segment part 15. NOT NEEDED.
           ENTRY                   ADDRESS         REF BY
           =====                   =======         ======
           DMA_MMC_CardRes_State   
    -------------------------------------------------------------------------
DATA20_I
  Segment part 16. NOT NEEDED.
           ENTRY                   ADDRESS         REF BY
           =====                   =======         ======
           DMA_MMC_CardRes_Count   
    -------------------------------------------------------------------------
DATA20_Z
  Segment part 18. NOT NEEDED.
           ENTRY                   ADDRESS         REF BY
           =====                   =======         ======
           DMA_MMC_WriteState      
    -------------------------------------------------------------------------
DATA20_Z
  Segment part 19. NOT NEEDED.
           ENTRY                   ADDRESS         REF BY
           =====                   =======         ======
           DMA_MMC_WriteStateCount
                                   
    -------------------------------------------------------------------------
DATA20_Z
  Segment part 20. NOT NEEDED.
           ENTRY                   ADDRESS         REF BY
           =====                   =======         ======
           DMA_MMC_ReadResult      
    -------------------------------------------------------------------------
DATA20_Z
  Segment part 21. NOT NEEDED.
           ENTRY                   ADDRESS         REF BY
           =====                   =======         ======
           DMA_MMC_WriteNumBytes   
    -------------------------------------------------------------------------
DATA20_Z
  Segment part 22. NOT NEEDED.
           ENTRY                   ADDRESS         REF BY
           =====                   =======         ======
           DMA_MMC_ReadNumBytes    
    -------------------------------------------------------------------------
DATA20_Z
  Segment part 23. NOT NEEDED.
           ENTRY                   ADDRESS         REF BY
           =====                   =======         ======
           DMA_MMC_Write_Processing
                                   
    -------------------------------------------------------------------------
DATA20_Z
  Segment part 24. NOT NEEDED.
           ENTRY                   ADDRESS         REF BY
           =====                   =======         ======
           DMA_MMC_Read_Processing
                                   
    -------------------------------------------------------------------------
DATA20_Z
  Segment part 25. NOT NEEDED.
           ENTRY                   ADDRESS         REF BY
           =====                   =======         ======
           DMA_MMC_forceWrite      
    -------------------------------------------------------------------------
DATA20_Z
  Segment part 26. NOT NEEDED.
           ENTRY                   ADDRESS         REF BY
           =====                   =======         ======
           DMA_MMC_appendMode      
    -------------------------------------------------------------------------
DATA20_Z
  Segment part 27. NOT NEEDED.
           ENTRY                   ADDRESS         REF BY
           =====                   =======         ======
           mSDType                 
    -------------------------------------------------------------------------
DATA20_Z
  Segment part 28. NOT NEEDED.
           ENTRY                   ADDRESS         REF BY
           =====                   =======         ======
           DMA_MMC_current_procedure
                                   
    -------------------------------------------------------------------------
DATA20_Z
  Segment part 29. NOT NEEDED.
           ENTRY                   ADDRESS         REF BY
           =====                   =======         ======
           DMA_MMC_WriteAfterReadProc
                                   
    -------------------------------------------------------------------------
DATA20_Z
  Segment part 30. NOT NEEDED.
           ENTRY                   ADDRESS         REF BY
           =====                   =======         ======
           DMA_MMC_CallbackAfterWriteCheck
                                   
    -------------------------------------------------------------------------
DATA20_Z
  Segment part 31. NOT NEEDED.
           ENTRY                   ADDRESS         REF BY
           =====                   =======         ======
           mCSD                    
    -------------------------------------------------------------------------
DATA20_Z
  Segment part 32. NOT NEEDED.
           ENTRY                   ADDRESS         REF BY
           =====                   =======         ======
           mPartitionInfo          
    -------------------------------------------------------------------------
DATA20_Z
  Segment part 33. NOT NEEDED.
           ENTRY                   ADDRESS         REF BY
           =====                   =======         ======
           numMaxSectors           
    -------------------------------------------------------------------------
CODE
  Segment part 37. NOT NEEDED.
           ENTRY                   ADDRESS         REF BY
           =====                   =======         ======
           MMC_EnableCS            
    -------------------------------------------------------------------------
CODE
  Segment part 34. NOT NEEDED.
           ENTRY                   ADDRESS         REF BY
           =====                   =======         ======
           MMC_DisableCS           
    -------------------------------------------------------------------------
CODE
  Segment part 44. NOT NEEDED.
           ENTRY                   ADDRESS         REF BY
           =====                   =======         ======
           MMC_SendCommand         
               calls direct
    -------------------------------------------------------------------------
CODE
  Segment part 43. NOT NEEDED.
           ENTRY                   ADDRESS         REF BY
           =====                   =======         ======
           MMC_CardResponse        
               calls direct
    -------------------------------------------------------------------------
CODE
  Segment part 50. NOT NEEDED.
           ENTRY                   ADDRESS         REF BY
           =====                   =======         ======
           MMC_CardResponseRaw     
               calls direct
    -------------------------------------------------------------------------
CODE
  Segment part 52. NOT NEEDED.
           ENTRY                   ADDRESS         REF BY
           =====                   =======         ======
           MMC_MemCardInit         
               calls direct
    -------------------------------------------------------------------------
CODE
  Segment part 51. NOT NEEDED.
           ENTRY                   ADDRESS         REF BY
           =====                   =======         ======
           MMC_MemCardType         
               calls direct
    -------------------------------------------------------------------------
CODE
  Segment part 49. NOT NEEDED.
           ENTRY                   ADDRESS         REF BY
           =====                   =======         ======
           MMC_SetBLockLength      
               calls direct
    -------------------------------------------------------------------------
CODE
  Segment part 48. NOT NEEDED.
           ENTRY                   ADDRESS         REF BY
           =====                   =======         ======
           MMC_GetCardSpecInfo     
               calls direct
    -------------------------------------------------------------------------
CODE
  Segment part 47. NOT NEEDED.
           ENTRY                   ADDRESS         REF BY
           =====                   =======         ======
           MMC_GetPartitionOffset
                                   
               calls direct
    -------------------------------------------------------------------------
CODE
  Segment part 46. NOT NEEDED.
           ENTRY                   ADDRESS         REF BY
           =====                   =======         ======
           MMC_ReadSector          
               calls direct
    -------------------------------------------------------------------------
CODE
  Segment part 42. NOT NEEDED.
           ENTRY                   ADDRESS         REF BY
           =====                   =======         ======
           MMC_CheckWriteState     
               calls direct
    -------------------------------------------------------------------------
CODE
  Segment part 45. NOT NEEDED.
           ENTRY                   ADDRESS         REF BY
           =====                   =======         ======
           MMC_WriteSector         
               calls direct
    -------------------------------------------------------------------------
CODE
  Segment part 41. NOT NEEDED.
           ENTRY                   ADDRESS         REF BY
           =====                   =======         ======
           DMA_MMC_IsIdle          
    -------------------------------------------------------------------------
CODE
  Segment part 40. NOT NEEDED.
           ENTRY                   ADDRESS         REF BY
           =====                   =======         ======
           DMA_MMC_ReadSector      
               calls direct
    -------------------------------------------------------------------------
CODE
  Segment part 39. NOT NEEDED.
           LOCAL                   ADDRESS         
           =====                   =======         
           DMA_MMC_ReadSector_proc
                                   
               calls direct and indirect
    -------------------------------------------------------------------------
CODE
  Segment part 38. NOT NEEDED.
           ENTRY                   ADDRESS         REF BY
           =====                   =======         ======
           DMA_MMC_WriteSector     
               calls direct
    -------------------------------------------------------------------------
CODE
  Segment part 36. NOT NEEDED.
           LOCAL                   ADDRESS         
           =====                   =======         
           DMA_MMC_WriteSector_proc
                                   
               calls direct
    -------------------------------------------------------------------------
CODE
  Segment part 35. NOT NEEDED.
           LOCAL                   ADDRESS         
           =====                   =======         
           DMA_MMC_error           
               calls direct and indirect
    -------------------------------------------------------------------------
CSTACK
  Segment part 2. NOT NEEDED.
    -------------------------------------------------------------------------
DATA20_ID
  Segment part 17. NOT NEEDED.
    -------------------------------------------------------------------------
CODE
  Segment part 53. TENTATIVE. Used definition from acc
           ENTRY                   ADDRESS         REF BY
           =====                   =======         ======
           ?setjmp_save_r4         
    -------------------------------------------------------------------------
CODE
  Segment part 54. TENTATIVE. Used definition from acc
           ENTRY                   ADDRESS         REF BY
           =====                   =======         ======
           ?setjmp_save_r5         

    *************************************************************************

  FILE NAME : C:\Documents and Settings\Brett\Desktop\test\Copy of Roocas_V1\IBSS\Debug\Obj\dma_mmc_transaction.r43
  PROGRAM MODULE, NAME : dma_mmc_transaction

  SEGMENTS IN THE MODULE
  ======================
DATA20_Z
  Segment part 2. NOT NEEDED.
           ENTRY                   ADDRESS         REF BY
           =====                   =======         ======
           DMCB_pool               
    -------------------------------------------------------------------------
DATA20_Z
  Segment part 3. NOT NEEDED.
           ENTRY                   ADDRESS         REF BY
           =====                   =======         ======
           DMCB_num_used           
    -------------------------------------------------------------------------
DATA20_Z
  Segment part 4. NOT NEEDED.
           ENTRY                   ADDRESS         REF BY
           =====                   =======         ======
           DMCB_num_in             
    -------------------------------------------------------------------------
DATA20_Z
  Segment part 5. NOT NEEDED.
           ENTRY                   ADDRESS         REF BY
           =====                   =======         ======
           DMCB_num_out            
    -------------------------------------------------------------------------
DATA20_Z
  Segment part 6. NOT NEEDED.
           ENTRY                   ADDRESS         REF BY
           =====                   =======         ======
           DMCB_current_transaction
                                   
    -------------------------------------------------------------------------
DATA20_Z
  Segment part 7. NOT NEEDED.
           ENTRY                   ADDRESS         REF BY
           =====                   =======         ======
           DMCB_tID_count          
    -------------------------------------------------------------------------
DATA20_Z
  Segment part 8. NOT NEEDED.
           ENTRY                   ADDRESS         REF BY
           =====                   =======         ======
           DMA_MMC_Overall_Processing
                                   
[...]
            | + function block  :  00000018
            |  Already listed
  04        RP_WriteIP
            | Stack used (prev) :  0000006C
            | + function block  :  00000018
            |  Already listed
  04        uint2str
            | Stack used (prev) :  00000050
            | + function block  :  0000001C
            |  Already listed
  04        RP_WaitModuleResponse_Long
            | Stack used (prev) :  0000005C
            | + function block  :  00000014
            |  Already listed
  04        RP_WaitModuleResponse
            | Stack used (prev) :  0000005C
            | + function block  :  00000014
            |  Already listed
  04        RP_WaitModuleResponse
            | Stack used (prev) :  0000005C
            | + function block  :  00000014
            |  Already listed
  04        RP_WaitModuleResponse
            | Stack used (prev) :  0000005C
            | + function block  :  00000014
            |  Already listed
  04        RP_WaitModuleResponse
            | Stack used (prev) :  0000005C
            | + function block  :  00000014
            |  Already listed
  04        RP_WaitModuleResponse
            | Stack used (prev) :  0000005C
            | + function block  :  00000014
            |  Already listed
  04        SYS_WriteFrameUART
            | Stack used (prev) :  00000054
            | + function block  :  00000014
            |  Already listed
  04        RP_WriteFrame
            | Stack used (prev) :  00000068
            | + function block  :  0000000C
            |  Already listed
  03      WIFI_DefaultIBSS
          | Stack used (prev) :  00000308
          | + function block  :  0000000A
  03      ISR_SetUART_A2_WB
          | Stack used (prev) :  00000308
          | + function block  :  00000004
  03      SYS_ReadPort8
          | Stack used (prev) :  00000308
          | + function block  :  00000004
  03      SYS_SetPort8
          | Stack used (prev) :  00000308
          | + function block  :  00000004
  03      SYS_DelayMS
          | Stack used (prev) :  00000050
          | + function block  :  00000004
          |  Already listed
  03      registerTask
          | Stack used (prev) :  00000054
          | + function block  :  0000001C
          |  Already listed
  02    WIFI_Initialize
        | Stack used (prev) :  00000312
        | + function block  :  0000000C
  04        SYS_InitVarUART
            | Stack used (prev) :  00000308
            | + function block  :  00000008
  03      SYS_InitUART
          | Stack used (prev) :  00000310
          | + function block  :  0000001C
  04        SYS_SetTimer
            | Stack used (prev) :  00000308
            | + function block  :  0000000C
  03      SYS_InitTimer
          | Stack used (prev) :  00000314
          | + function block  :  00000004
  03      SYS_InitSPI
          | Stack used (prev) :  00000308
          | + function block  :  00000004
  03      SYS_InitPort
          | Stack used (prev) :  00000308
          | + function block  :  00000004
  03      SYS_InitClock
          | Stack used (prev) :  00000308
          | + function block  :  00000004
  02    SYS_Initialize
        | Stack used (prev) :  0000032C
        | + function block  :  00000008
  03      getTaskMsg
          | Stack used (prev) :  00000308
          | + function block  :  00000004
  03      unregisterTask
          | Stack used (prev) :  00000050
          | + function block  :  00000008
          |  Already listed
  02    Switcher
        | Stack used (prev) :  0000030C
        | + function block  :  0000000C
  03      ISR_SetTimer_A1_WB
          | Stack used (prev) :  00000308
          | + function block  :  00000004
  02    initSwitcher
        | Stack used (prev) :  0000030C
        | + function block  :  00000008
  03      SYS_EnableTimer
          | Stack used (prev) :  00000308
          | + function block  :  00000004
  03      ISR_Set1Sec_Alarm_WB
          | Stack used (prev) :  00000308
          | + function block  :  00000004
  04        SYS_ReadByteSPI
            | Stack used (prev) :  00000050
            | + function block  :  00000004
            |  Already listed
  04        SYS_WriteByteSPI
            | Stack used (prev) :  00000050
            | + function block  :  00000004
            |  Already listed
  04        RTC_DisableCS
            | Stack used (prev) :  00000050
            | + function block  :  00000004
            |  Already listed
  04        RTC_EnableCS
            | Stack used (prev) :  00000050
            | + function block  :  00000004
            |  Already listed
  03      RTC_WriteCommand
          | Stack used (prev) :  00000308
          | + function block  :  0000000A
  03      RTC_WriteByte
          | Stack used (prev) :  00000054
          | + function block  :  0000000E
          |  Already listed
  03      RTC_WriteByte
          | Stack used (prev) :  00000054
          | + function block  :  0000000E
          |  Already listed
  03      RTC_WriteByte
          | Stack used (prev) :  00000054
          | + function block  :  0000000E
          |  Already listed
  03      RTC_WriteByte
          | Stack used (prev) :  00000054
          | + function block  :  0000000E
          |  Already listed
  03      RTC_SetTime
          | Stack used (prev) :  00000062
          | + function block  :  00000014
          |  Already listed
  04        RTC_WriteByte
            | Stack used (prev) :  00000054
            | + function block  :  0000000E
            |  Already listed
  03      RTC_Stop
          | Stack used (prev) :  00000308
          | + function block  :  00000004
  02    RTC_Initialize
        | Stack used (prev) :  00000312
        | + function block  :  00000004
  03      SYS_DelayMS
          | Stack used (prev) :  00000050
          | + function block  :  00000004
          |  Already listed
  03      registerTask
          | Stack used (prev) :  00000054
          | + function block  :  0000001C
          |  Already listed
  03      RTC_SetEvery1SEC_WB
          | Stack used (prev) :  00000308
          | + function block  :  00000004
  04        CAN_ReadByte
            | Stack used (prev) :  00000054
            | + function block  :  0000000C
            |  Already listed
  04        CAN_ReadByte
            | Stack used (prev) :  00000054
            | + function block  :  0000000C
            |  Already listed
  04        CAN_ReadByte
            | Stack used (prev) :  00000054
            | + function block  :  0000000C
            |  Already listed
  04        CAN_ReadByte
            | Stack used (prev) :  00000054
            | + function block  :  0000000C
            |  Already listed
  04        CAN_WriteByte
            | Stack used (prev) :  00000054
            | + function block  :  0000000C
            |  Already listed
  04        CAN_ModifyBit
            | Stack used (prev) :  00000054
            | + function block  :  00000014
            |  Already listed
  04        CAN_ModifyBit
            | Stack used (prev) :  00000054
            | + function block  :  00000014
            |  Already listed
  04        CAN_ModifyBit
            | Stack used (prev) :  00000054
            | + function block  :  00000014
            |  Already listed
  04        CAN_ModifyBit
            | Stack used (prev) :  00000054
            | + function block  :  00000014
            |  Already listed
  04        CAN_ModifyBit
            | Stack used (prev) :  00000054
            | + function block  :  00000014
            |  Already listed
  04        CAN_ModifyBit
            | Stack used (prev) :  00000054
            | + function block  :  00000014
            |  Already listed
  04        CAN_ModifyBit
            | Stack used (prev) :  00000054
            | + function block  :  00000014
            |  Already listed
  04        CAN_ModifyBit
            | Stack used (prev) :  00000054
            | + function block  :  00000014
            |  Already listed
  05          CAN_ModifyBit
              | Stack used (prev) :  00000054
              | + function block  :  00000014
              |  Already listed
  04        CAN_ChangeMode
            | Stack used (prev) :  00000308
            | + function block  :  00000008
  04        CAN_ChangeMode
            | Stack used (prev) :  00000308
            | + function block  :  00000008
            |  Already listed
  04        CAN_ChangeMode
            | Stack used (prev) :  00000308
            | + function block  :  00000008
            |  Already listed
  05          CAN_WriteByte
              | Stack used (prev) :  00000054
              | + function block  :  0000000C
              |  Already listed
  05          CAN_WriteByte
              | Stack used (prev) :  00000054
              | + function block  :  0000000C
              |  Already listed
  05          CAN_WriteByte
              | Stack used (prev) :  00000054
              | + function block  :  0000000C
              |  Already listed
  05          CAN_WriteByte
              | Stack used (prev) :  00000054
              | + function block  :  0000000C
              |  Already listed
  05          CAN_WriteByte
              | Stack used (prev) :  00000054
              | + function block  :  0000000C
              |  Already listed
  05          CAN_WriteByte
              | Stack used (prev) :  00000054
              | + function block  :  0000000C
              |  Already listed
  05          CAN_WriteByte
              | Stack used (prev) :  00000054
              | + function block  :  0000000C
              |  Already listed
  05          CAN_WriteByte
              | Stack used (prev) :  00000054
              | + function block  :  0000000C
              |  Already listed
  05          CAN_WriteByte
              | Stack used (prev) :  00000054
              | + function block  :  0000000C
              |  Already listed
  05          CAN_WriteByte
              | Stack used (prev) :  00000054
              | + function block  :  0000000C
              |  Already listed
  04        CAN_SetRXB1Filters
            | Stack used (prev) :  00000308
            | + function block  :  0000000C
  05          CAN_WriteByte
              | Stack used (prev) :  00000054
              | + function block  :  0000000C
              |  Already listed
  05          CAN_WriteByte
              | Stack used (prev) :  00000054
              | + function block  :  0000000C
              |  Already listed
  05          CAN_WriteByte
              | Stack used (prev) :  00000054
              | + function block  :  0000000C
              |  Already listed
  05          CAN_WriteByte
              | Stack used (prev) :  00000054
              | + function block  :  0000000C
              |  Already listed
  05          CAN_WriteByte
              | Stack used (prev) :  00000054
              | + function block  :  0000000C
              |  Already listed
  05          CAN_WriteByte
              | Stack used (prev) :  00000054
              | + function block  :  0000000C
              |  Already listed
  04        CAN_SetRXB0Filters
            | Stack used (prev) :  00000308
            | + function block  :  0000000C
  05          SYS_WriteByteSPI
              | Stack used (prev) :  00000050
              | + function block  :  00000004
              |  Already listed
  05          CAN_DisableCS
              | Stack used (prev) :  00000050
              | + function block  :  00000004
              |  Already listed
  05          CAN_EnableCS
              | Stack used (prev) :  00000050
              | + function block  :  00000004
              |  Already listed
  04        CAN_Reset
            | Stack used (prev) :  00000308
            | + function block  :  00000008
  03      CAN_Initialize
          | Stack used (prev) :  00000314
          | + function block  :  00000012
  03      ACC_StopAll
          | Stack used (prev) :  0000007E
          | + function block  :  00000006
          |  Already listed
  02    ACC_Initialize
        | Stack used (prev) :  00000326
        | + function block  :  00000004
  01  main
      | Stack used (prev) :  00000334
      | + function block  :  00000004
  <-Sub-tree of type: Function tree
    | Stack used          :  00000338


  ->Sub-tree of type: Function tree
                             CSTACK
    | Stack used (prev) :  00000338
  01  exit
      | Stack used (prev) :  00000338
      | + function block  :  00000004
  <-Sub-tree of type: Function tree
    | Stack used          :  0000033C


  ->Sub-tree of type: Function tree
                             CSTACK
    | Stack used (prev) :  0000033C
  01  __data20_memzero
      | Stack used (prev) :  0000033C
      | + function block  :  00000004
  <-Sub-tree of type: Function tree
    | Stack used          :  00000340


  ->Sub-tree of type: Function tree
                             CSTACK
    | Stack used (prev) :  00000340
  02    memcpy
        | Stack used (prev) :  00000050
        | + function block  :  0000000C
        |  Already listed
  01  __data20_memcpy
      | Stack used (prev) :  00000340
      | + function block  :  00000004
  <-Sub-tree of type: Function tree
    | Stack used          :  00000344




                ****************************************
                *                                      *
                *      SEGMENTS IN ADDRESS ORDER       *
                *                                      *
                ****************************************


SEGMENT              SPACE    START ADDRESS   END ADDRESS     SIZE  TYPE  ALIGN
=======              =====    =============   ===========     ====  ====  =====
DATA16_AN                              0102 - 0103               2   rel    0
                                       0120 - 0121               2 
                                       015C - 015D               2 
                                       0166 - 0169               4 
                                       016C - 016F               4 
                                       0200 - 0207               8 
                                       020A - 020B               2 
                                       0218 - 021D               6 
                                       0220 - 0225               6 
                                       022A - 022B               2 
                                       0240 - 0245               6 
                                       024A - 024B               2 
                                       0260 - 0267               8 
                                       026A - 026B               2 
                                       0280 - 0285               6 
                                       028A - 028B               2 
                                       02A0 - 02A5               6 
                                       02AA - 02AB               2 
                                       0380 - 0387               8 
                                       0390 - 0397               8 
                                       03AE - 03AF               2 
                                       03C0 - 03DF              20 
                                       03EE - 03EF               2 
                                       04A0 - 04A1               2 
                                       0500 - 0501               2 
                                       0510 - 051B               C 
                                       0520 - 052B               C 
                                       05C0 - 05C1               2 
                                       05C6 - 05C7               2 
                                       05CC - 05CC               1 
                                       05CE - 05CE               1 
                                       05DC - 05E1               6 
                                       05E6 - 05E7               2 
                                       05EC - 05EC               1 
                                       05EE - 05EE               1 
                                       05FC - 05FD               2 
                                       0600 - 0601               2 
                                       0606 - 0608               3 
                                       060C - 060C               1 
                                       060E - 060E               1 
                                       061C - 0621               6 
                                       0626 - 0627               2 
                                       062C - 062C               1 
                                       062E - 062E               1 
                                       063C - 063D               2 
                                       0640 - 0641               2 
                                       0646 - 0648               3 
                                       064C - 064C               1 
                                       064E - 064E               1 
                                       065C - 0661               6 
                                       0666 - 0667               2 
                                       066C - 066C               1 
                                       066E - 066E               1 
                                       067C - 067D               2 
                                       0680 - 0681               2 
                                       0686 - 0687               2 
                                       068C - 068C               1 
                                       068E - 068E               1 
                                       069C - 06A1               6 
                                       06A6 - 06A7               2 
                                       06AC - 06AC               1 
                                       06AE - 06AE               1 
                                       06BC - 06BD               2 
                                       0700 - 0703               4 
                                       070A - 0713               A 
                                       0720 - 0727               8 
DATA20_I                               1C00 - 1CF3              F4   rel    1
DATA20_Z                               1CF4 - 2942             C4F   rel    1
CSTACK                                 5AC0 - 5BFF             140   rel    1
CSTART                                 5D50 - 5D87              38   rel    1
ISR_CODE                               5D88 - 604B             2C4   rel    1
<CODE> 1                               604C - B1CB            5180   rel    1
DATA20_C                               B1CC - B430             265   rel    0
DATA20_ID                              B432 - B525              F4   rel    1
INTVEC                                 FF80 - FFF9              7A   com    1
RESET                                  FFFE - FFFF               2   rel    1
                                       5C00 - 5D4F             150  aseg  

                ****************************************
                *                                      *
                *        END OF CROSS REFERENCE        *
                *                                      *
                ****************************************

 21 752 bytes of CODE  memory (+ 336 absolute )
  3 715 bytes of DATA  memory (+ 248 absolute )
    857 bytes of CONST memory

Errors: none
Warnings: none

